line 2:3 no viable alternative at input 'int['
line 14:16 no viable alternative at input 'intsumArray(int['
line 17:4 extraneous input 'sum' expecting {<EOF>, 'bool', 'int', 'void'}
cannot perform semantic checks with parse errors
