sema: 8:0 : redefinition of z
sema: 15:4 : redefinition of x
sema: 19:8 : redefinition of x
sema: 22:12 : redefinition of x
sema: 23:12 : redefinition of x
sema: 46:4 : redefinition of z
sema: 48:0 : redefinition of z
