Program [useIO=1](1,0)
	Function[isProto=0]	Int(2,0)
		Identifier[name:main](2,4)
		Scope(2,11)
			Expression Statement(3,4)
				CallExpr(3,4)
					Identifier[name:readBool](3,4)
			Expression Statement(4,4)
				CallExpr(4,4)
					Identifier[name:readInt](4,4)
			Expression Statement(5,4)
				CallExpr(5,4)
					Identifier[name:writeBool](5,4)
					Argument(5,14)
						Int Expression(5,14)
							IntConstant[val=3](5,14)
			Expression Statement(6,4)
				CallExpr(6,4)
					Identifier[name:writeInt](6,4)
					Argument(6,13)
						Int Expression(6,13)
							IntConstant[val=1](6,13)
			Expression Statement(7,4)
				CallExpr(7,4)
					Identifier[name:newLine](7,4)
	Function[isProto=0]	Void(9,0)
		Identifier[name:fcn](9,5)
		Scope(9,11)
			Scalar Declaration			Bool(10,4)
				Identifier[name:f](10,9)
			Expression Statement(11,4)
				CallExpr(11,4)
					Identifier[name:readBool](11,4)
					Argument(11,13)
						Int Expression(11,13)
							IntConstant[val=1](11,13)
			Expression Statement(12,4)
				CallExpr(12,4)
					Identifier[name:readInt](12,4)
					Argument(12,12)
						Int Expression(12,12)
							IntConstant[val=3](12,12)
					Argument(12,15)
						Int Expression(12,15)
							IntConstant[val=2](12,15)
					Argument(12,18)
						Int Expression(12,18)
							IntConstant[val=3](12,18)
					Argument(12,21)
						Int Expression(12,21)
							IntConstant[val=1](12,21)
			Expression Statement(13,4)
				CallExpr(13,4)
					Identifier[name:writeBool](13,4)
					Argument(13,14)
						Int Expression(13,14)
							IntConstant[val=3](13,14)
			Expression Statement(14,4)
				CallExpr(14,4)
					Identifier[name:writeInt](14,4)
					Argument(14,13)
						Int Expression(14,13)
							Reference(14,13)
								Identifier[name:f](14,13)
			Expression Statement(15,4)
				CallExpr(15,4)
					Identifier[name:newLine](15,4)
					Argument(15,12)
						Int Expression(15,12)
							IntConstant[val=2](15,12)
sema: 5:4 : no matching definition for writeBool
sema: 11:4 : no matching definition for readBool
sema: 12:4 : no matching definition for readInt
sema: 13:4 : no matching definition for writeBool
sema: 14:4 : no matching definition for writeInt
sema: 15:4 : no matching definition for newLine
