sema: 23:4 : redefinition of z
sema: 24:4 : use of undefined identifier g
sema: 32:0 : redefinition of f
