Program [useIO=0](1,0)
	Function[isProto=0]	Int(1,0)
		Identifier[name:fcn2](1,4)
		Scope(1,12)
	Scalar Declaration	Int(4,0)
		Identifier[name:g](4,4)
	Function[isProto=0]	Int(5,0)
		Identifier[name:main](5,4)
		Scope(5,11)
			Assignment(6,4)
				Reference(6,4)
					Identifier[name:g](6,4)
				CallExpr(6,8)
					Identifier[name:fcn2](6,8)
