sema: 2:4 : mismatched return statement 
sema: 5:4 : mismatched return statement 
sema: 11:4 : mismatched return statement 
sema: 14:4 : mismatched return statement 
sema: 32:4 : mismatched return statement 
sema: 35:4 : mismatched return statement 
sema: 41:4 : mismatched return statement 
sema: 44:4 : mismatched return statement 
