Program [useIO=0](1,0)
	Scalar Declaration	Int(1,0)
		Identifier[name:a](1,4)
	Function[isProto=0]	Void(3,0)
		Identifier[name:f1](3,5)
		Scope(3,10)
			Scalar Declaration			Bool(4,2)
				Identifier[name:a](4,7)
			Scalar Declaration			Int(5,2)
				Identifier[name:b](5,6)
			Assignment(6,2)
				Reference(6,2)
					Identifier[name:b](6,2)
				Int Expression(6,6)
					Reference(6,6)
						Identifier[name:a](6,6)
sema: 6:2 : type mismatch 
