sema: 4:2 : invalid condition in while statement
sema: 10:2 : invalid condition in while statement
