sema: 11:0 : definition inconsistent with earlier definition of f1
sema: 13:2 : type mismatch 
