sema: 19:3 : type mismatch 
sema: 20:2 : type mismatch 
sema: 21:4 : type mismatch 
sema: 22:4 : type mismatch 
sema: 23:3 : type mismatch 
sema: 24:4 : type mismatch 
sema: 25:4 : type mismatch 
sema: 26:4 : type mismatch 
