0a1,9
> Program [useIO=0](1,0)
> 	Array Declaration	Int[4](1,0)
> 		Identifier[name:a1](1,4)
> 	Array Declaration	Int[-3](2,0)
> 		Identifier[name:a1](2,4)
> 	Array Declaration	Int[-3](4,0)
> 		Identifier[name:a2](4,4)
> 	Array Declaration	Int[1](5,0)
> 		Identifier[name:a2](5,4)
