entry: 
    entry 
    X
    entry 
    X
entry: 
    entry 
    X
    entry 
    X
entry: 
    entry 
    X
    entry 
    X
entry: 
    entry 
    X
    entry 
    X
entry: 
    entry 
    X
    entry 
    X
entry: 
    entry 
    X
    entry 
    X
