else: 
    else entry merge 
    entry
    else 
    X
entry: 
    entry 
    X
    entry merge 
    merge
merge: 
    entry merge 
    merge
    merge 
    X
merge2: 
    merge2 
    X
    merge2 
    X
merge4: 
    merge2 merge4 
    merge4
    merge4 
    X
then: 
    entry then 
    then
    merge then 
    then
then1: 
    entry merge then1 
    merge
    then1 
    X
then3: 
    merge2 then3 
    then3
    then3 
    X
