else: 
    else entry while.body while.cond 
    entry
    else merge while.cond while.exit 
    merge
entry: 
    entry 
    X
    entry while.cond while.exit 
    while.cond
merge: 
    entry merge while.body while.cond 
    merge
    merge while.cond while.exit 
    while.cond
then: 
    entry then while.body while.cond 
    then
    merge then while.cond while.exit 
    then
while.body: 
    entry while.body while.cond 
    while.body
    merge while.body while.cond while.exit 
    while.body
while.cond: 
    entry while.cond 
    while.cond
    while.cond while.exit 
    while.exit
while.exit: 
    entry while.cond while.exit 
    while.cond
    while.exit 
    X
entry: 
    entry 
    X
    entry 
    X
else: 
    else entry while.body while.body4 while.cond while.cond3 
    entry
    else merge merge10 while.cond while.cond3 while.exit while.exit5 
    merge
else8: 
    else8 entry then while.body while.body4 while.cond while.cond3 
    entry
    else8 merge merge7 while.cond while.cond3 while.exit while.exit5 
    merge
entry: 
    entry 
    X
    entry while.cond while.exit 
    while.cond
merge: 
    entry merge while.body while.body4 while.cond while.cond3 
    merge
    merge while.cond while.cond3 while.exit while.exit5 
    while.cond
merge10: 
    else entry merge10 while.body while.body4 while.cond while.cond3 
    entry
    merge merge10 while.cond while.cond3 while.exit while.exit5 
    merge10
merge7: 
    entry merge7 then while.body while.body4 while.cond while.cond3 
    merge7
    merge merge7 while.cond while.cond3 while.exit while.exit5 
    merge7
then: 
    entry then while.body while.body4 while.cond while.cond3 
    then
    merge merge7 then while.cond while.cond3 while.exit while.exit5 
    merge7
then6: 
    entry then then6 while.body while.body4 while.cond while.cond3 
    then
    merge merge7 then6 while.cond while.cond3 while.exit while.exit5 
    merge7
then9: 
    else entry then9 while.body while.body4 while.cond while.cond3 
    entry
    merge merge10 then9 while.cond while.cond3 while.exit while.exit5 
    merge10
while.body: 
    entry while.body while.cond 
    while.body
    while.body while.cond while.cond3 while.exit while.exit5 
    while.cond
while.body4: 
    entry while.body while.body4 while.cond while.cond3 
    while.body
    merge while.body4 while.cond while.cond3 while.exit while.exit5 
    while.body4
while.cond: 
    entry while.cond 
    while.cond
    while.cond while.exit 
    while.exit
while.cond3: 
    entry while.body while.cond while.cond3 
    while.body
    while.cond while.cond3 while.exit while.exit5 
    while.cond3
while.exit: 
    entry while.cond while.exit 
    while.cond
    while.exit 
    X
while.exit5: 
    entry while.body while.cond while.cond3 while.exit5 
    while.body
    while.cond while.exit while.exit5 
    while.exit
else: 
    else entry while.body5 while.body8 while.cond while.cond4 while.cond7 while.exit 
    entry
    else merge merge11 while.cond21 while.cond4 while.cond7 while.exit23 while.exit6 while.exit9 
    merge
else12: 
    else else12 entry while.body5 while.body8 while.cond while.cond4 while.cond7 while.exit 
    else12
    else12 merge merge11 while.cond13 while.cond21 while.cond4 while.cond7 while.exit15 while.exit23 while.exit6 while.exit9 
    merge
else18: 
    else else12 else18 entry while.body14 while.body5 while.body8 while.cond while.cond13 while.cond4 while.cond7 while.exit 
    else12
    else18 merge merge11 merge17 merge20 while.cond13 while.cond21 while.cond4 while.cond7 while.exit15 while.exit23 while.exit6 while.exit9 
    merge
else26: 
    else26 entry while.body22 while.cond while.cond21 while.cond4 while.exit while.exit6 
    entry
    else26 merge25 merge31 while.cond21 while.exit23 
    merge25
entry: 
    entry 
    X
    entry while.cond while.cond21 while.cond4 while.exit while.exit23 while.exit6 
    while.cond
merge: 
    entry merge while.body5 while.body8 while.cond while.cond4 while.cond7 while.exit 
    merge
    merge while.cond21 while.cond4 while.cond7 while.exit23 while.exit6 while.exit9 
    while.cond21
merge11: 
    else entry merge11 while.body5 while.body8 while.cond while.cond4 while.cond7 while.exit 
    entry
    merge merge11 while.cond21 while.cond4 while.cond7 while.exit23 while.exit6 while.exit9 
    merge11
merge17: 
    else else12 entry merge17 while.body14 while.body5 while.body8 while.cond while.cond13 while.cond4 while.cond7 while.exit 
    else12
    merge merge11 merge17 while.cond13 while.cond21 while.cond4 while.cond7 while.exit15 while.exit23 while.exit6 while.exit9 
    merge11
merge20: 
    else else12 else18 entry merge20 while.body14 while.body5 while.body8 while.cond while.cond13 while.cond4 while.cond7 while.exit 
    else12
    merge merge11 merge17 merge20 while.cond13 while.cond21 while.cond4 while.cond7 while.exit15 while.exit23 while.exit6 while.exit9 
    merge11
merge25: 
    entry merge25 while.body22 while.cond while.cond21 while.cond4 while.exit while.exit6 
    merge25
    merge25 while.cond21 while.exit23 
    while.cond21
merge31: 
    else26 entry merge31 while.body22 while.cond while.cond21 while.cond4 while.exit while.exit6 
    entry
    merge25 merge31 while.cond21 while.exit23 
    merge31
then: 
    entry then while.body5 while.body8 while.cond while.cond4 while.cond7 while.exit 
    then
    merge then while.cond21 while.cond4 while.cond7 while.exit23 while.exit6 while.exit9 
    then
then10: 
    else entry then10 while.body5 while.body8 while.cond while.cond4 while.cond7 while.exit 
    entry
    merge merge11 then10 while.cond21 while.cond4 while.cond7 while.exit23 while.exit6 while.exit9 
    merge11
then16: 
    else else12 entry then16 while.body14 while.body5 while.body8 while.cond while.cond13 while.cond4 while.cond7 while.exit 
    else12
    merge merge11 merge17 then16 while.cond13 while.cond21 while.cond4 while.cond7 while.exit15 while.exit23 while.exit6 while.exit9 
    merge11
then19: 
    else else12 else18 entry then19 while.body14 while.body5 while.body8 while.cond while.cond13 while.cond4 while.cond7 while.exit 
    else12
    merge merge11 merge17 merge20 then19 while.cond13 while.cond21 while.cond4 while.cond7 while.exit15 while.exit23 while.exit6 while.exit9 
    merge11
then24: 
    entry then24 while.body22 while.cond while.cond21 while.cond4 while.exit while.exit6 
    then24
    merge25 then24 while.cond21 while.cond27 while.exit23 while.exit29 
    then24
then30: 
    else26 entry then30 while.body22 while.cond while.cond21 while.cond4 while.exit while.exit6 
    entry
    merge25 merge31 then30 while.cond21 while.cond32 while.exit23 while.exit34 
    merge31
while.body: 
    entry while.body while.cond 
    while.body
    while.body while.cond while.cond21 while.cond4 while.exit while.exit23 while.exit6 
    while.cond
while.body14: 
    else else12 entry while.body14 while.body5 while.body8 while.cond while.cond13 while.cond4 while.cond7 while.exit 
    else12
    merge merge11 merge17 while.body14 while.cond13 while.cond21 while.cond4 while.cond7 while.exit15 while.exit23 while.exit6 while.exit9 
    merge11
while.body22: 
    entry while.body22 while.cond while.cond21 while.cond4 while.exit while.exit6 
    while.body22
    merge25 while.body22 while.cond21 while.exit23 
    while.body22
while.body28: 
    entry then24 while.body22 while.body28 while.cond while.cond21 while.cond27 while.cond4 while.exit while.exit6 
    then24
    merge25 while.body28 while.cond21 while.cond27 while.exit23 while.exit29 
    while.body28
while.body33: 
    else26 entry then30 while.body22 while.body33 while.cond while.cond21 while.cond32 while.cond4 while.exit while.exit6 
    entry
    merge25 merge31 while.body33 while.cond21 while.cond32 while.exit23 while.exit34 
    merge31
while.body5: 
    entry while.body5 while.cond while.cond4 while.exit 
    while.body5
    while.body5 while.cond21 while.cond4 while.cond7 while.exit23 while.exit6 while.exit9 
    while.cond21
while.body8: 
    entry while.body5 while.body8 while.cond while.cond4 while.cond7 while.exit 
    while.body5
    merge while.body8 while.cond21 while.cond4 while.cond7 while.exit23 while.exit6 while.exit9 
    while.body8
while.cond: 
    entry while.cond 
    while.cond
    while.cond while.cond21 while.cond4 while.exit while.exit23 while.exit6 
    while.cond21
while.cond13: 
    else else12 entry while.body5 while.body8 while.cond while.cond13 while.cond4 while.cond7 while.exit 
    else12
    merge merge11 while.cond13 while.cond21 while.cond4 while.cond7 while.exit15 while.exit23 while.exit6 while.exit9 
    merge11
while.cond21: 
    entry while.cond while.cond21 while.cond4 while.exit while.exit6 
    while.cond
    while.cond21 while.exit23 
    while.exit23
while.cond27: 
    entry then24 while.body22 while.cond while.cond21 while.cond27 while.cond4 while.exit while.exit6 
    then24
    merge25 while.cond21 while.cond27 while.exit23 while.exit29 
    while.cond21
while.cond32: 
    else26 entry then30 while.body22 while.cond while.cond21 while.cond32 while.cond4 while.exit while.exit6 
    entry
    merge25 merge31 while.cond21 while.cond32 while.exit23 while.exit34 
    merge31
while.cond4: 
    entry while.cond while.cond4 while.exit 
    while.cond
    while.cond21 while.cond4 while.exit23 while.exit6 
    while.cond4
while.cond7: 
    entry while.body5 while.cond while.cond4 while.cond7 while.exit 
    while.body5
    while.cond21 while.cond4 while.cond7 while.exit23 while.exit6 while.exit9 
    while.cond4
while.exit: 
    entry while.cond while.exit 
    while.cond
    while.cond21 while.cond4 while.exit while.exit23 while.exit6 
    while.cond4
while.exit15: 
    else else12 entry while.body5 while.body8 while.cond while.cond13 while.cond4 while.cond7 while.exit while.exit15 
    else12
    merge merge11 while.cond21 while.cond4 while.cond7 while.exit15 while.exit23 while.exit6 while.exit9 
    merge11
while.exit23: 
    entry while.cond while.cond21 while.cond4 while.exit while.exit23 while.exit6 
    while.cond
    while.exit23 
    X
while.exit29: 
    entry then24 while.body22 while.cond while.cond21 while.cond27 while.cond4 while.exit while.exit29 while.exit6 
    then24
    merge25 while.cond21 while.exit23 while.exit29 
    while.cond21
while.exit34: 
    else26 entry then30 while.body22 while.cond while.cond21 while.cond32 while.cond4 while.exit while.exit34 while.exit6 
    entry
    merge25 merge31 while.cond21 while.exit23 while.exit34 
    merge31
while.exit6: 
    entry while.cond while.cond4 while.exit while.exit6 
    while.cond
    while.cond21 while.exit23 while.exit6 
    while.exit23
while.exit9: 
    entry while.body5 while.cond while.cond4 while.cond7 while.exit while.exit9 
    while.body5
    while.cond21 while.cond4 while.exit23 while.exit6 while.exit9 
    while.cond4
else: 
    else entry then while.body2 while.body5 while.cond while.cond1 while.cond4 while.exit 
    entry
    else merge merge12 merge8 while.cond1 while.cond13 while.cond4 while.exit15 while.exit3 while.exit6 
    merge
else18: 
    else18 entry while.body14 while.cond while.cond1 while.cond13 while.exit while.exit3 
    entry
    else18 merge17 merge20 while.cond13 while.exit15 
    merge17
else21: 
    else18 else21 entry while.body14 while.cond while.cond1 while.cond13 while.exit while.exit3 
    else21
    else21 merge17 merge20 while.cond13 while.exit15 
    merge17
entry: 
    entry 
    X
    entry while.cond while.cond1 while.cond13 while.exit while.exit15 while.exit3 
    while.cond
merge: 
    entry merge while.body2 while.cond while.cond1 while.exit 
    merge
    merge while.cond1 while.cond13 while.exit15 while.exit3 
    while.cond1
merge10: 
    entry merge10 then then7 while.body2 while.body5 while.cond while.cond1 while.cond4 while.exit 
    merge10
    merge merge10 merge8 while.cond1 while.cond13 while.cond4 while.exit15 while.exit3 while.exit6 
    merge10
merge12: 
    else entry merge12 then while.body2 while.body5 while.cond while.cond1 while.cond4 while.exit 
    entry
    merge merge12 merge8 while.cond1 while.cond13 while.cond4 while.exit15 while.exit3 while.exit6 
    merge12
merge17: 
    entry merge17 while.body14 while.cond while.cond1 while.cond13 while.exit while.exit3 
    merge17
    merge17 while.cond13 while.exit15 
    while.cond13
merge20: 
    else18 entry merge20 while.body14 while.cond while.cond1 while.cond13 while.exit while.exit3 
    entry
    merge17 merge20 while.cond13 while.exit15 
    merge20
merge8: 
    entry merge8 then while.body2 while.body5 while.cond while.cond1 while.cond4 while.exit 
    merge8
    merge merge8 while.cond1 while.cond13 while.cond4 while.exit15 while.exit3 while.exit6 
    merge8
then: 
    entry then while.body2 while.cond while.cond1 while.exit 
    then
    merge then while.cond1 while.cond13 while.cond4 while.exit15 while.exit3 while.exit6 
    then
then11: 
    else entry then then11 while.body2 while.body5 while.cond while.cond1 while.cond4 while.exit 
    entry
    merge merge12 merge8 then11 while.cond1 while.cond13 while.cond4 while.exit15 while.exit3 while.exit6 
    merge12
then16: 
    entry then16 while.body14 while.cond while.cond1 while.cond13 while.exit while.exit3 
    then16
    merge17 then16 while.cond13 while.exit15 
    then16
then19: 
    else18 entry then19 while.body14 while.cond while.cond1 while.cond13 while.exit while.exit3 
    entry
    merge17 merge20 then19 while.cond13 while.exit15 
    merge20
then7: 
    entry then then7 while.body2 while.body5 while.cond while.cond1 while.cond4 while.exit 
    then
    merge merge10 merge8 then7 while.cond1 while.cond13 while.cond4 while.exit15 while.exit3 while.exit6 
    merge10
then9: 
    entry then then7 then9 while.body2 while.body5 while.cond while.cond1 while.cond4 while.exit 
    then
    merge merge10 merge8 then9 while.cond1 while.cond13 while.cond4 while.exit15 while.exit3 while.exit6 
    merge10
while.body: 
    entry while.body while.cond 
    while.body
    while.body while.cond while.cond1 while.cond13 while.exit while.exit15 while.exit3 
    while.cond
while.body14: 
    entry while.body14 while.cond while.cond1 while.cond13 while.exit while.exit3 
    while.body14
    merge17 while.body14 while.cond13 while.exit15 
    while.body14
while.body2: 
    entry while.body2 while.cond while.cond1 while.exit 
    while.body2
    merge while.body2 while.cond1 while.cond13 while.exit15 while.exit3 
    while.body2
while.body5: 
    entry then while.body2 while.body5 while.cond while.cond1 while.cond4 while.exit 
    then
    merge merge8 while.body5 while.cond1 while.cond13 while.cond4 while.exit15 while.exit3 while.exit6 
    merge8
while.cond: 
    entry while.cond 
    while.cond
    while.cond while.cond1 while.cond13 while.exit while.exit15 while.exit3 
    while.cond1
while.cond1: 
    entry while.cond while.cond1 while.exit 
    while.cond
    while.cond1 while.cond13 while.exit15 while.exit3 
    while.cond13
while.cond13: 
    entry while.cond while.cond1 while.cond13 while.exit while.exit3 
    while.cond
    while.cond13 while.exit15 
    while.exit15
while.cond4: 
    entry then while.body2 while.cond while.cond1 while.cond4 while.exit 
    then
    merge while.cond1 while.cond13 while.cond4 while.exit15 while.exit3 while.exit6 
    while.cond1
while.exit: 
    entry while.cond while.exit 
    while.cond
    while.cond1 while.cond13 while.exit while.exit15 while.exit3 
    while.cond13
while.exit15: 
    entry while.cond while.cond1 while.cond13 while.exit while.exit15 while.exit3 
    while.cond
    while.exit15 
    X
while.exit3: 
    entry while.cond while.cond1 while.exit while.exit3 
    while.cond
    while.cond13 while.exit15 while.exit3 
    while.exit15
while.exit6: 
    entry then while.body2 while.cond while.cond1 while.cond4 while.exit while.exit6 
    then
    merge while.cond1 while.cond13 while.exit15 while.exit3 while.exit6 
    while.cond1
entry: 
    entry 
    X
    entry 
    X
merge: 
    entry merge 
    merge
    merge 
    X
then: 
    entry then 
    then
    then 
    X
