entry: 
    entry 
    X
    entry 
    X
merge: 
    entry merge 
    merge
    merge 
    X
merge2: 
    entry merge2 then 
    merge2
    merge merge2 
    merge2
merge4: 
    entry merge4 then then1 
    merge4
    merge merge2 merge4 
    merge2
then: 
    entry then 
    then
    then 
    X
then1: 
    entry then then1 
    then
    then1 
    X
then3: 
    entry then then1 then3 
    then
    then3 
    X
