entry: 
    entry 
    X
    entry while.cond while.cond1 while.exit while.exit3 
    while.cond
while.body: 
    entry while.body while.cond 
    while.cond
    while.body while.cond while.cond1 while.exit while.exit3 
    while.cond
while.body2: 
    entry while.body2 while.cond while.cond1 while.exit 
    while.cond1
    while.body2 while.cond1 while.exit3 
    while.cond1
while.cond: 
    entry while.cond 
    entry
    while.cond while.cond1 while.exit while.exit3 
    while.exit
while.cond1: 
    entry while.cond while.cond1 while.exit 
    while.exit
    while.cond1 while.exit3 
    while.exit3
while.exit: 
    entry while.cond while.exit 
    while.cond
    while.cond1 while.exit while.exit3 
    while.cond1
while.exit3: 
    entry while.cond while.cond1 while.exit while.exit3 
    while.cond1
    while.exit3 
    X
